#-----------------------------------------------------------
# Vivado v2023.1 (64-bit)
# SW Build 3865809 on Sun May  7 15:05:29 MDT 2023
# IP Build 3864474 on Sun May  7 20:36:21 MDT 2023
# SharedData Build 3865790 on Sun May 07 13:33:03 MDT 2023
# Start of session at: Tue Dec 12 16:22:08 2023
# Process ID: 20540
# Current directory: C:/Users/Natalia/Documents/Ing. Electrónica/4º/1º cuatri/SED/Trabajo VHDL/maquinaexpendedora/Maquina_expendedora
# Command line: vivado.exe -gui_launcher_event rodinguilauncherevent31936 C:\Users\Natalia\Documents\Ing. Electrónica\4º\1º cuatri\SED\Trabajo VHDL\maquinaexpendedora\Maquina_expendedora\Maquina_expendedora.xpr
# Log file: C:/Users/Natalia/Documents/Ing. Electrónica/4º/1º cuatri/SED/Trabajo VHDL/maquinaexpendedora/Maquina_expendedora/vivado.log
# Journal file: C:/Users/Natalia/Documents/Ing. Electrónica/4º/1º cuatri/SED/Trabajo VHDL/maquinaexpendedora/Maquina_expendedora\vivado.jou
# Running On: LAPTOP-68V8MD74, OS: Windows, CPU Frequency: 2803 MHz, CPU Physical cores: 4, Host memory: 8215 MB
#-----------------------------------------------------------
start_gui
open_project {C:/Users/Natalia/Documents/Ing. Electrónica/4º/1º cuatri/SED/Trabajo VHDL/maquinaexpendedora/Maquina_expendedora/Maquina_expendedora.xpr}
update_compile_order -fileset sources_1
